<def f='WebKit/bmalloc/Headers/bmalloc/Map.h' l='37' ll='108'/>
<use f='WebKit/bmalloc/Headers/bmalloc/Map.h' l='111' c='_ZN7bmalloc3Map6rehashEv'/>
<use f='WebKit/bmalloc/Headers/bmalloc/Map.h' l='130'/>
<use f='WebKit/bmalloc/Headers/bmalloc/Heap.h' l='130'/>
<fun r='_ZN7bmalloc3Map4sizeEv'/>
<fun r='_ZN7bmalloc3Map8capacityEv'/>
<fun r='_ZN7bmalloc3Map3getERKT_'/>
<fun r='_ZN7bmalloc3Map3setERKT_RKT0_'/>
<fun r='_ZN7bmalloc3Map6removeERKT_'/>
<smbr r='bmalloc::Map::minCapacity' t='const unsigned int'/>
<smbr r='bmalloc::Map::maxLoad' t='const unsigned int'/>
<smbr r='bmalloc::Map::rehashLoad' t='const unsigned int'/>
<smbr r='bmalloc::Map::minLoad' t='const unsigned int'/>
<fun r='_ZN7bmalloc3Map10shouldGrowEv'/>
<fun r='_ZN7bmalloc3Map12shouldShrinkEv'/>
<fun r='_ZN7bmalloc3Map6rehashEv'/>
<fun r='_ZN7bmalloc3Map4findERKT_RKT_'/>
<mbr r='bmalloc::Map::m_keyCount' t='unsigned int'/>
<mbr r='bmalloc::Map::m_tableMask' t='unsigned int'/>
<mbr r='bmalloc::Map::m_table' t='Vector&lt;bmalloc::Map::Bucket&gt;'/>
<fun r='_ZN7bmalloc3Map6rehashEv'/>
<smbr r='bmalloc::Map::minCapacity' t='const unsigned int'/>
<def f='WebKit/Source/bmalloc/bmalloc/Map.h' l='37' ll='108'/>
<use f='WebKit/Source/bmalloc/bmalloc/Map.h' l='111' c='_ZN7bmalloc3Map6rehashEv'/>
<use f='WebKit/Source/bmalloc/bmalloc/Map.h' l='130'/>
<use f='WebKit/Source/bmalloc/bmalloc/Heap.h' l='130'/>
<fun r='_ZN7bmalloc3Map4sizeEv'/>
<fun r='_ZN7bmalloc3Map8capacityEv'/>
<fun r='_ZN7bmalloc3Map3getERKT_'/>
<fun r='_ZN7bmalloc3Map3setERKT_RKT0_'/>
<fun r='_ZN7bmalloc3Map6removeERKT_'/>
<smbr r='bmalloc::Map::minCapacity' t='const unsigned int'/>
<smbr r='bmalloc::Map::maxLoad' t='const unsigned int'/>
<smbr r='bmalloc::Map::rehashLoad' t='const unsigned int'/>
<smbr r='bmalloc::Map::minLoad' t='const unsigned int'/>
<fun r='_ZN7bmalloc3Map10shouldGrowEv'/>
<fun r='_ZN7bmalloc3Map12shouldShrinkEv'/>
<fun r='_ZN7bmalloc3Map6rehashEv'/>
<fun r='_ZN7bmalloc3Map4findERKT_RKT_'/>
<mbr r='bmalloc::Map::m_keyCount' t='unsigned int'/>
<mbr r='bmalloc::Map::m_tableMask' t='unsigned int'/>
<mbr r='bmalloc::Map::m_table' t='Vector&lt;bmalloc::Map::Bucket&gt;'/>
<fun r='_ZN7bmalloc3Map6rehashEv'/>
<smbr r='bmalloc::Map::minCapacity' t='const unsigned int'/>
