<dec f='WebKit/Source/JavaScriptCore/profiler/ProfilerCompilationKind.h' l='32' type='1'/>
<use f='WebKit/Source/JavaScriptCore/profiler/ProfilerCompilationKind.cpp' l='39' c='_ZN3WTF13printInternalERNS_11PrintStreamEN3JSC8Profiler15CompilationKindE'/>
<use f='WebKit/Source/JavaScriptCore/jit/JIT.cpp' l='734' u='r' c='_ZN3JSC3JIT31compileAndLinkWithoutFinalizingENS_20JITCompilationEffortE'/>
