<dec f='WebKit/JavaScriptCore/PrivateHeaders/JavaScriptCore/JITCompilationMode.h' l='34' type='1'/>
<dec f='WebKit/Source/JavaScriptCore/jit/JITCompilationMode.h' l='34' type='1'/>
<use f='WebKit/Source/JavaScriptCore/jit/BaselineJITPlan.cpp' l='34' u='r' c='_ZN3JSC15BaselineJITPlanC1EPNS_9CodeBlockENS_13BytecodeIndexE'/>
<use f='WebKit/Source/JavaScriptCore/jit/JITCompilationMode.cpp' l='41' c='_ZN3WTF13printInternalERNS_11PrintStreamEN3JSC18JITCompilationModeE'/>
<use f='WebKit/Source/JavaScriptCore/jit/JITPlan.cpp' l='77' c='_ZNK3JSC7JITPlan4tierEv'/>
<use f='WebKit/Source/JavaScriptCore/jit/JITPlan.cpp' l='142' u='r' c='_ZNK3JSC7JITPlan18reportCompileTimesEv'/>
<use f='WebKit/Source/JavaScriptCore/jit/JITPlan.cpp' l='178' u='r' c='_ZN3JSC7JITPlan15compileInThreadEPNS_17JITWorklistThreadE'/>
<use f='WebKit/Source/JavaScriptCore/llint/LLIntSlowPaths.cpp' l='379' u='r' c='_ZN3JSC5LLInt26jitCompileAndSetHeuristicsERNS_2VMEPNS_9CodeBlockENS_13BytecodeIndexE'/>
<use f='WebKit/Source/JavaScriptCore/dfg/DFGPlan.cpp' l='111' c='_ZN3JSC3DFG12_GLOBAL__N_130profilerCompilationKindForModeENS_18JITCompilationModeE'/>
