<use f='WebKit/WTF/Headers/wtf/Forward.h' l='159'/>
<def f='WebKit/WTF/Headers/wtf/Expected.h' l='419' ll='502'/>
<use f='WebKit/WTF/Headers/wtf/Expected.h' l='429'/>
<use f='WebKit/WTF/Headers/wtf/Expected.h' l='433'/>
<def f='WebKit/WTF/Headers/wtf/Expected.h' l='504' ll='559'/>
<use f='WebKit/WTF/Headers/wtf/Expected.h' l='514'/>
<use f='WebKit/WTF/Headers/wtf/Expected.h' l='518'/>
<use f='WebKit/WTF/Headers/wtf/Expected.h' l='561' c='_ZNSt12experimental15fundamentals_v3eqERKNS0_8expectedIT_T0_EES6_'/>
<use f='WebKit/WTF/Headers/wtf/Expected.h' l='561' c='_ZNSt12experimental15fundamentals_v3eqERKNS0_8expectedIT_T0_EES6_'/>
<use f='WebKit/WTF/Headers/wtf/Expected.h' l='562' c='_ZNSt12experimental15fundamentals_v3neERKNS0_8expectedIT_T0_EES6_'/>
<use f='WebKit/WTF/Headers/wtf/Expected.h' l='562' c='_ZNSt12experimental15fundamentals_v3neERKNS0_8expectedIT_T0_EES6_'/>
<use f='WebKit/WTF/Headers/wtf/Expected.h' l='564' c='_ZNSt12experimental15fundamentals_v3eqERKNS0_8expectedIvT_EES5_'/>
<use f='WebKit/WTF/Headers/wtf/Expected.h' l='564' c='_ZNSt12experimental15fundamentals_v3eqERKNS0_8expectedIvT_EES5_'/>
<use f='WebKit/WTF/Headers/wtf/Expected.h' l='566' c='_ZNSt12experimental15fundamentals_v3eqERKNS0_8expectedIT_T0_EERKS2_'/>
<use f='WebKit/WTF/Headers/wtf/Expected.h' l='567' c='_ZNSt12experimental15fundamentals_v3eqERKT_RKNS0_8expectedIS1_T0_EE'/>
<use f='WebKit/WTF/Headers/wtf/Expected.h' l='568' c='_ZNSt12experimental15fundamentals_v3neERKNS0_8expectedIT_T0_EERKS2_'/>
<use f='WebKit/WTF/Headers/wtf/Expected.h' l='569' c='_ZNSt12experimental15fundamentals_v3neERKT_RKNS0_8expectedIS1_T0_EE'/>
<use f='WebKit/WTF/Headers/wtf/Expected.h' l='571' c='_ZNSt12experimental15fundamentals_v3eqERKNS0_8expectedIT_T0_EERKNS0_10unexpectedIS3_EE'/>
<use f='WebKit/WTF/Headers/wtf/Expected.h' l='572' c='_ZNSt12experimental15fundamentals_v3eqERKNS0_10unexpectedIT0_EERKNS0_8expectedIT_S2_EE'/>
<use f='WebKit/WTF/Headers/wtf/Expected.h' l='573' c='_ZNSt12experimental15fundamentals_v3neERKNS0_8expectedIT_T0_EERKNS0_10unexpectedIS3_EE'/>
<use f='WebKit/WTF/Headers/wtf/Expected.h' l='574' c='_ZNSt12experimental15fundamentals_v3neERKNS0_10unexpectedIT0_EERKNS0_8expectedIT_S2_EE'/>
<use f='WebKit/WTF/Headers/wtf/Expected.h' l='576' c='_ZNSt12experimental15fundamentals_v34swapERNS0_8expectedIT_T0_EES5_'/>
<use f='WebKit/WTF/Headers/wtf/Expected.h' l='576' c='_ZNSt12experimental15fundamentals_v34swapERNS0_8expectedIT_T0_EES5_'/>
<use f='WebKit/WTF/Headers/wtf/Expected.h' l='581'/>
<fun r='_ZNSt12experimental15fundamentals_v38expectedC1Ev'/>
<fun r='_ZNSt12experimental15fundamentals_v38expectedC1ERKNS0_8expectedIT_T0_EE'/>
<fun r='_ZNSt12experimental15fundamentals_v38expectedC1EONS0_8expectedIT_T0_EE'/>
<fun r='_ZNSt12experimental15fundamentals_v38expectedC1ERKNSt11conditionalIXaaoosr3std7is_voidIT_EE5valuesr3std25is_trivially_destructibleIS3_EE5valuesr3std253099095'/>
<fun r='_ZNSt12experimental15fundamentals_v38expectedC1EONSt11conditionalIXaaoosr3std7is_voidIT_EE5valuesr3std25is_trivially_destructibleIS3_EE5valuesr3std25i14155454'/>
<fun r='_ZNSt12experimental15fundamentals_v38expectedC1ESt10in_place_tDpOT_'/>
<fun r='_ZNSt12experimental15fundamentals_v38expectedC1ERKNSt11conditionalIXaaoosr3std7is_voidIT_EE5valuesr3std25is_trivially_destructibleIS3_EE5valuesr3std2514624800'/>
<fun r='_ZNSt12experimental15fundamentals_v38expectedC1EONSt11conditionalIXaaoosr3std7is_voidIT_EE5valuesr3std25is_trivially_destructibleIS3_EE5valuesr3std25i7382275'/>
<fun r='_ZNSt12experimental15fundamentals_v38expectedC1ERKNS0_10unexpectedIT_EE'/>
<fun r='_ZNSt12experimental15fundamentals_v38expectedC1EONS0_10unexpectedIT_EE'/>
<fun r='_ZNSt12experimental15fundamentals_v38expectedC1ENS0_12unexpected_tEDpOT_'/>
<fun r='_ZNSt12experimental15fundamentals_v38expectedD1Ev'/>
<fun r='_ZNSt12experimental15fundamentals_v38expectedaSERKNS0_8expectedIT_T0_EE'/>
<fun r='_ZNSt12experimental15fundamentals_v38expectedaSEONS0_8expectedIT_T0_EE'/>
<fun r='_ZNSt12experimental15fundamentals_v38expectedaSEOT_'/>
<fun r='_ZNSt12experimental15fundamentals_v38expectedaSERKNSt11conditionalIXaaoosr3std7is_voidIT_EE5valuesr3std25is_trivially_destructibleIS3_EE5valuesr3std2514393155'/>
<fun r='_ZNSt12experimental15fundamentals_v38expectedaSEONSt11conditionalIXaaoosr3std7is_voidIT_EE5valuesr3std25is_trivially_destructibleIS3_EE5valuesr3std25i6484242'/>
<fun r='_ZNSt12experimental15fundamentals_v38expected4swapERNS0_8expectedIT_T0_EE'/>
<fun r='_ZNKSt12experimental15fundamentals_v38expectedptEv'/>
<fun r='_ZNSt12experimental15fundamentals_v38expectedptEv'/>
<fun r='_ZNKRSt12experimental15fundamentals_v38expecteddeEv'/>
<fun r='_ZNRSt12experimental15fundamentals_v38expecteddeEv'/>
<fun r='_ZNKOSt12experimental15fundamentals_v38expecteddeEv'/>
<fun r='_ZNOSt12experimental15fundamentals_v38expecteddeEv'/>
<fun r='_ZNKSt12experimental15fundamentals_v38expectedcvbEv'/>
<fun r='_ZNKSt12experimental15fundamentals_v38expected9has_valueEv'/>
<fun r='_ZNKRSt12experimental15fundamentals_v38expected5valueEv'/>
<fun r='_ZNRSt12experimental15fundamentals_v38expected5valueEv'/>
<fun r='_ZNKOSt12experimental15fundamentals_v38expected5valueEv'/>
<fun r='_ZNOSt12experimental15fundamentals_v38expected5valueEv'/>
<fun r='_ZNKRSt12experimental15fundamentals_v38expected5errorEv'/>
<fun r='_ZNRSt12experimental15fundamentals_v38expected5errorEv'/>
<fun r='_ZNOSt12experimental15fundamentals_v38expected5errorEv'/>
<fun r='_ZNKOSt12experimental15fundamentals_v38expected5errorEv'/>
<fun r='_ZNKRSt12experimental15fundamentals_v38expected8value_orEOT_'/>
<fun r='_ZNOSt12experimental15fundamentals_v38expected8value_orEOT_'/>
<fun r='_ZNSt12experimental15fundamentals_v38expectedIvT_EC1Ev'/>
<fun r='_ZNSt12experimental15fundamentals_v38expectedIvT_EC1ERKNS1_IvS2_EE'/>
<fun r='_ZNSt12experimental15fundamentals_v38expectedIvT_EC1EONS1_IvS2_EE'/>
<fun r='_ZNSt12experimental15fundamentals_v38expectedIvT_EC1ERKNSt11conditionalIXaaooL_ZNSt17integral_constantIbLb1EE5valueEEL_ZNS5_IbLb0EE5valueEEsr3std25is_4365650'/>
<fun r='_ZNSt12experimental15fundamentals_v38expectedIvT_EC1EONSt11conditionalIXaaooL_ZNSt17integral_constantIbLb1EE5valueEEL_ZNS5_IbLb0EE5valueEEsr3std25is_t5266100'/>
<fun r='_ZNSt12experimental15fundamentals_v38expectedIvT_EC1ERKNS0_10unexpectedIT_EE'/>
<fun r='_ZNSt12experimental15fundamentals_v38expectedIvT_ED1Ev'/>
<fun r='_ZNSt12experimental15fundamentals_v38expectedIvT_EaSERKNS1_IvS2_EE'/>
<fun r='_ZNSt12experimental15fundamentals_v38expectedIvT_EaSEONS1_IvS2_EE'/>
<fun r='_ZNSt12experimental15fundamentals_v38expectedIvT_EaSERKNSt11conditionalIXaaooL_ZNSt17integral_constantIbLb1EE5valueEEL_ZNS5_IbLb0EE5valueEEsr3std25is_7292911'/>
<fun r='_ZNSt12experimental15fundamentals_v38expectedIvT_EaSEONSt11conditionalIXaaooL_ZNSt17integral_constantIbLb1EE5valueEEL_ZNS5_IbLb0EE5valueEEsr3std25is_t8655315'/>
<fun r='_ZNSt12experimental15fundamentals_v38expectedIvT_E4swapERNS1_IvS2_EE'/>
<fun r='_ZNKSt12experimental15fundamentals_v38expectedIvT_EcvbEv'/>
<fun r='_ZNKSt12experimental15fundamentals_v38expectedIvT_E9has_valueEv'/>
<fun r='_ZNKSt12experimental15fundamentals_v38expectedIvT_E5valueEv'/>
<fun r='_ZNKRSt12experimental15fundamentals_v38expectedIvT_E5errorEv'/>
<fun r='_ZNRSt12experimental15fundamentals_v38expectedIvT_E5errorEv'/>
<fun r='_ZNOSt12experimental15fundamentals_v38expectedIvT_E5errorEv'/>
<use f='WebKit/Source/WTF/wtf/Forward.h' l='159'/>
<def f='WebKit/Source/WTF/wtf/Expected.h' l='419' ll='502'/>
<use f='WebKit/Source/WTF/wtf/Expected.h' l='429'/>
<use f='WebKit/Source/WTF/wtf/Expected.h' l='433'/>
<def f='WebKit/Source/WTF/wtf/Expected.h' l='504' ll='559'/>
<use f='WebKit/Source/WTF/wtf/Expected.h' l='514'/>
<use f='WebKit/Source/WTF/wtf/Expected.h' l='518'/>
<use f='WebKit/Source/WTF/wtf/Expected.h' l='561' c='_ZNSt12experimental15fundamentals_v3eqERKNS0_8expectedIT_T0_EES6_'/>
<use f='WebKit/Source/WTF/wtf/Expected.h' l='561' c='_ZNSt12experimental15fundamentals_v3eqERKNS0_8expectedIT_T0_EES6_'/>
<use f='WebKit/Source/WTF/wtf/Expected.h' l='562' c='_ZNSt12experimental15fundamentals_v3neERKNS0_8expectedIT_T0_EES6_'/>
<use f='WebKit/Source/WTF/wtf/Expected.h' l='562' c='_ZNSt12experimental15fundamentals_v3neERKNS0_8expectedIT_T0_EES6_'/>
<use f='WebKit/Source/WTF/wtf/Expected.h' l='564' c='_ZNSt12experimental15fundamentals_v3eqERKNS0_8expectedIvT_EES5_'/>
<use f='WebKit/Source/WTF/wtf/Expected.h' l='564' c='_ZNSt12experimental15fundamentals_v3eqERKNS0_8expectedIvT_EES5_'/>
<use f='WebKit/Source/WTF/wtf/Expected.h' l='566' c='_ZNSt12experimental15fundamentals_v3eqERKNS0_8expectedIT_T0_EERKS2_'/>
<use f='WebKit/Source/WTF/wtf/Expected.h' l='567' c='_ZNSt12experimental15fundamentals_v3eqERKT_RKNS0_8expectedIS1_T0_EE'/>
<use f='WebKit/Source/WTF/wtf/Expected.h' l='568' c='_ZNSt12experimental15fundamentals_v3neERKNS0_8expectedIT_T0_EERKS2_'/>
<use f='WebKit/Source/WTF/wtf/Expected.h' l='569' c='_ZNSt12experimental15fundamentals_v3neERKT_RKNS0_8expectedIS1_T0_EE'/>
<use f='WebKit/Source/WTF/wtf/Expected.h' l='571' c='_ZNSt12experimental15fundamentals_v3eqERKNS0_8expectedIT_T0_EERKNS0_10unexpectedIS3_EE'/>
<use f='WebKit/Source/WTF/wtf/Expected.h' l='572' c='_ZNSt12experimental15fundamentals_v3eqERKNS0_10unexpectedIT0_EERKNS0_8expectedIT_S2_EE'/>
<use f='WebKit/Source/WTF/wtf/Expected.h' l='573' c='_ZNSt12experimental15fundamentals_v3neERKNS0_8expectedIT_T0_EERKNS0_10unexpectedIS3_EE'/>
<use f='WebKit/Source/WTF/wtf/Expected.h' l='574' c='_ZNSt12experimental15fundamentals_v3neERKNS0_10unexpectedIT0_EERKNS0_8expectedIT_S2_EE'/>
<use f='WebKit/Source/WTF/wtf/Expected.h' l='576' c='_ZNSt12experimental15fundamentals_v34swapERNS0_8expectedIT_T0_EES5_'/>
<use f='WebKit/Source/WTF/wtf/Expected.h' l='576' c='_ZNSt12experimental15fundamentals_v34swapERNS0_8expectedIT_T0_EES5_'/>
<use f='WebKit/Source/WTF/wtf/Expected.h' l='581'/>
<fun r='_ZNSt12experimental15fundamentals_v38expectedC1Ev'/>
<fun r='_ZNSt12experimental15fundamentals_v38expectedC1ERKNS0_8expectedIT_T0_EE'/>
<fun r='_ZNSt12experimental15fundamentals_v38expectedC1EONS0_8expectedIT_T0_EE'/>
<fun r='_ZNSt12experimental15fundamentals_v38expectedC1ERKNSt11conditionalIXaaoosr3std7is_voidIT_EE5valuesr3std25is_trivially_destructibleIS3_EE5valuesr3std253099095'/>
<fun r='_ZNSt12experimental15fundamentals_v38expectedC1EONSt11conditionalIXaaoosr3std7is_voidIT_EE5valuesr3std25is_trivially_destructibleIS3_EE5valuesr3std25i14155454'/>
<fun r='_ZNSt12experimental15fundamentals_v38expectedC1ESt10in_place_tDpOT_'/>
<fun r='_ZNSt12experimental15fundamentals_v38expectedC1ERKNSt11conditionalIXaaoosr3std7is_voidIT_EE5valuesr3std25is_trivially_destructibleIS3_EE5valuesr3std2514624800'/>
<fun r='_ZNSt12experimental15fundamentals_v38expectedC1EONSt11conditionalIXaaoosr3std7is_voidIT_EE5valuesr3std25is_trivially_destructibleIS3_EE5valuesr3std25i7382275'/>
<fun r='_ZNSt12experimental15fundamentals_v38expectedC1ERKNS0_10unexpectedIT_EE'/>
<fun r='_ZNSt12experimental15fundamentals_v38expectedC1EONS0_10unexpectedIT_EE'/>
<fun r='_ZNSt12experimental15fundamentals_v38expectedC1ENS0_12unexpected_tEDpOT_'/>
<fun r='_ZNSt12experimental15fundamentals_v38expectedD1Ev'/>
<fun r='_ZNSt12experimental15fundamentals_v38expectedaSERKNS0_8expectedIT_T0_EE'/>
<fun r='_ZNSt12experimental15fundamentals_v38expectedaSEONS0_8expectedIT_T0_EE'/>
<fun r='_ZNSt12experimental15fundamentals_v38expectedaSEOT_'/>
<fun r='_ZNSt12experimental15fundamentals_v38expectedaSERKNSt11conditionalIXaaoosr3std7is_voidIT_EE5valuesr3std25is_trivially_destructibleIS3_EE5valuesr3std2514393155'/>
<fun r='_ZNSt12experimental15fundamentals_v38expectedaSEONSt11conditionalIXaaoosr3std7is_voidIT_EE5valuesr3std25is_trivially_destructibleIS3_EE5valuesr3std25i6484242'/>
<fun r='_ZNSt12experimental15fundamentals_v38expected4swapERNS0_8expectedIT_T0_EE'/>
<fun r='_ZNKSt12experimental15fundamentals_v38expectedptEv'/>
<fun r='_ZNSt12experimental15fundamentals_v38expectedptEv'/>
<fun r='_ZNKRSt12experimental15fundamentals_v38expecteddeEv'/>
<fun r='_ZNRSt12experimental15fundamentals_v38expecteddeEv'/>
<fun r='_ZNKOSt12experimental15fundamentals_v38expecteddeEv'/>
<fun r='_ZNOSt12experimental15fundamentals_v38expecteddeEv'/>
<fun r='_ZNKSt12experimental15fundamentals_v38expectedcvbEv'/>
<fun r='_ZNKSt12experimental15fundamentals_v38expected9has_valueEv'/>
<fun r='_ZNKRSt12experimental15fundamentals_v38expected5valueEv'/>
<fun r='_ZNRSt12experimental15fundamentals_v38expected5valueEv'/>
<fun r='_ZNKOSt12experimental15fundamentals_v38expected5valueEv'/>
<fun r='_ZNOSt12experimental15fundamentals_v38expected5valueEv'/>
<fun r='_ZNKRSt12experimental15fundamentals_v38expected5errorEv'/>
<fun r='_ZNRSt12experimental15fundamentals_v38expected5errorEv'/>
<fun r='_ZNOSt12experimental15fundamentals_v38expected5errorEv'/>
<fun r='_ZNKOSt12experimental15fundamentals_v38expected5errorEv'/>
<fun r='_ZNKRSt12experimental15fundamentals_v38expected8value_orEOT_'/>
<fun r='_ZNOSt12experimental15fundamentals_v38expected8value_orEOT_'/>
<fun r='_ZNSt12experimental15fundamentals_v38expectedIvT_EC1Ev'/>
<fun r='_ZNSt12experimental15fundamentals_v38expectedIvT_EC1ERKNS1_IvS2_EE'/>
<fun r='_ZNSt12experimental15fundamentals_v38expectedIvT_EC1EONS1_IvS2_EE'/>
<fun r='_ZNSt12experimental15fundamentals_v38expectedIvT_EC1ERKNSt11conditionalIXaaooL_ZNSt17integral_constantIbLb1EE5valueEEL_ZNS5_IbLb0EE5valueEEsr3std25is_4365650'/>
<fun r='_ZNSt12experimental15fundamentals_v38expectedIvT_EC1EONSt11conditionalIXaaooL_ZNSt17integral_constantIbLb1EE5valueEEL_ZNS5_IbLb0EE5valueEEsr3std25is_t5266100'/>
<fun r='_ZNSt12experimental15fundamentals_v38expectedIvT_EC1ERKNS0_10unexpectedIT_EE'/>
<fun r='_ZNSt12experimental15fundamentals_v38expectedIvT_ED1Ev'/>
<fun r='_ZNSt12experimental15fundamentals_v38expectedIvT_EaSERKNS1_IvS2_EE'/>
<fun r='_ZNSt12experimental15fundamentals_v38expectedIvT_EaSEONS1_IvS2_EE'/>
<fun r='_ZNSt12experimental15fundamentals_v38expectedIvT_EaSERKNSt11conditionalIXaaooL_ZNSt17integral_constantIbLb1EE5valueEEL_ZNS5_IbLb0EE5valueEEsr3std25is_7292911'/>
<fun r='_ZNSt12experimental15fundamentals_v38expectedIvT_EaSEONSt11conditionalIXaaooL_ZNSt17integral_constantIbLb1EE5valueEEL_ZNS5_IbLb0EE5valueEEsr3std25is_t8655315'/>
<fun r='_ZNSt12experimental15fundamentals_v38expectedIvT_E4swapERNS1_IvS2_EE'/>
<fun r='_ZNKSt12experimental15fundamentals_v38expectedIvT_EcvbEv'/>
<fun r='_ZNKSt12experimental15fundamentals_v38expectedIvT_E9has_valueEv'/>
<fun r='_ZNKSt12experimental15fundamentals_v38expectedIvT_E5valueEv'/>
<fun r='_ZNKRSt12experimental15fundamentals_v38expectedIvT_E5errorEv'/>
<fun r='_ZNRSt12experimental15fundamentals_v38expectedIvT_E5errorEv'/>
<fun r='_ZNOSt12experimental15fundamentals_v38expectedIvT_E5errorEv'/>
