<def f='include/c++/9/bits/stl_map.h' l='100' ll='1405'/>
<use f='include/c++/9/bits/stl_map.h' l='130'/>
<use f='include/c++/9/bits/stl_map.h' l='640' c='_ZNSt3map5mergeERSt3mapIT_T0_T_T2_E'/>
<use f='include/c++/9/bits/stl_map.h' l='648' c='_ZNSt3map5mergeEOSt3mapIT_T0_T_T2_E'/>
<use f='include/c++/9/bits/stl_map.h' l='1398' c='_ZSteqRKSt3mapIT_T0_T1_T2_ES6_'/>
<use f='include/c++/9/bits/stl_map.h' l='1399' c='_ZSteqRKSt3mapIT_T0_T1_T2_ES6_'/>
<use f='include/c++/9/bits/stl_map.h' l='1403' c='_ZStltRKSt3mapIT_T0_T1_T2_ES6_'/>
<use f='include/c++/9/bits/stl_map.h' l='1404' c='_ZStltRKSt3mapIT_T0_T1_T2_ES6_'/>
<use f='include/c++/9/bits/stl_map.h' l='1418' c='std::{deductionguideformap}'/>
<use f='include/c++/9/bits/stl_map.h' l='1427' c='std::{deductionguideformap}'/>
<use f='include/c++/9/bits/stl_map.h' l='1433' c='std::{deductionguideformap}'/>
<use f='include/c++/9/bits/stl_map.h' l='1439' c='std::{deductionguideformap}'/>
<use f='include/c++/9/bits/stl_map.h' l='1455' c='_ZSteqRKSt3mapIT_T0_T1_T2_ES6_'/>
<use f='include/c++/9/bits/stl_map.h' l='1456' c='_ZSteqRKSt3mapIT_T0_T1_T2_ES6_'/>
<use f='include/c++/9/bits/stl_map.h' l='1472' c='_ZStltRKSt3mapIT_T0_T1_T2_ES6_'/>
<use f='include/c++/9/bits/stl_map.h' l='1473' c='_ZStltRKSt3mapIT_T0_T1_T2_ES6_'/>
<use f='include/c++/9/bits/stl_map.h' l='1479' c='_ZStneRKSt3mapIT_T0_T1_T2_ES6_'/>
<use f='include/c++/9/bits/stl_map.h' l='1480' c='_ZStneRKSt3mapIT_T0_T1_T2_ES6_'/>
<use f='include/c++/9/bits/stl_map.h' l='1486' c='_ZStgtRKSt3mapIT_T0_T1_T2_ES6_'/>
<use f='include/c++/9/bits/stl_map.h' l='1487' c='_ZStgtRKSt3mapIT_T0_T1_T2_ES6_'/>
<use f='include/c++/9/bits/stl_map.h' l='1493' c='_ZStleRKSt3mapIT_T0_T1_T2_ES6_'/>
<use f='include/c++/9/bits/stl_map.h' l='1494' c='_ZStleRKSt3mapIT_T0_T1_T2_ES6_'/>
<use f='include/c++/9/bits/stl_map.h' l='1500' c='_ZStgeRKSt3mapIT_T0_T1_T2_ES6_'/>
<use f='include/c++/9/bits/stl_map.h' l='1501' c='_ZStgeRKSt3mapIT_T0_T1_T2_ES6_'/>
<use f='include/c++/9/bits/stl_map.h' l='1507' c='_ZSt4swapRSt3mapIT_T0_T1_T2_ES5_'/>
<use f='include/c++/9/bits/stl_map.h' l='1508' c='_ZSt4swapRSt3mapIT_T0_T1_T2_ES5_'/>
<use f='include/c++/9/bits/stl_map.h' l='1519'/>
<use f='include/c++/9/bits/stl_map.h' l='1523'/>
<use f='include/c++/9/bits/stl_map.h' l='1526' c='_ZNSt21_Rb_tree_merge_helperISt3mapIT_T0_T1_T2_ET3_E11_S_get_treeERS0_IS1_S2_S6_S4_E'/>
<use f='include/c++/9/bits/stl_multimap.h' l='669' c='_ZNSt8multimap5mergeERSt3mapIT_T0_T_T2_E'/>
<use f='include/c++/9/bits/stl_multimap.h' l='677' c='_ZNSt8multimap5mergeEOSt3mapIT_T0_T_T2_E'/>
<use f='include/c++/9/bits/stl_multimap.h' l='1190' c='_ZNSt21_Rb_tree_merge_helperISt8multimapIT_T0_T1_T2_ET3_E11_S_get_treeERSt3mapIS1_S2_S6_S4_E'/>
<use f='include/c++/9/map' l='83'/>
<use f='WebKit/Source/ThirdParty/ANGLE/include/GLSLANG/ShaderLang.h' l='670' c='_ZN2sh17GetNameHashingMapB5cxx11EPv'/>
<use f='WebKit/Source/ThirdParty/ANGLE/include/GLSLANG/ShaderLang.h' l='731' c='_ZN2sh21GetUniformRegisterMapB5cxx11EPv'/>
<mbr r='std::map::_M_t' t='std::map::_Rep_type'/>
<fun r='_ZNSt3mapC1Ev'/>
<fun r='_ZNSt3mapC1ERKT1_RKT2_'/>
<fun r='_ZNSt3mapC1ERKSt3mapIT_T0_T1_T2_E'/>
<fun r='_ZNSt3mapC1EOSt3mapIT_T0_T1_T2_E'/>
<fun r='_ZNSt3mapC1ESt16initializer_listISt4pairIKT_T0_EERKT1_RKT2_'/>
<fun r='_ZNSt3mapC1ERKT2_'/>
<fun r='_ZNSt3mapC1ERKSt3mapIT_T0_T1_T2_ERKS4_'/>
<fun r='_ZNSt3mapC1EOSt3mapIT_T0_T1_T2_ERKS4_'/>
<fun r='_ZNSt3mapC1ESt16initializer_listISt4pairIKT_T0_EERKT2_'/>
<fun r='_ZNSt3mapC1ET_S0_RKT2_'/>
<fun r='_ZNSt3mapC1ET_S0_'/>
<fun r='_ZNSt3mapC1ET_S0_RKT1_RKT2_'/>
<fun r='_ZNSt3mapD1Ev'/>
<fun r='_ZNSt3mapaSERKSt3mapIT_T0_T1_T2_E'/>
<fun r='_ZNSt3mapaSEOSt3mapIT_T0_T1_T2_E'/>
<fun r='_ZNSt3mapaSESt16initializer_listISt4pairIKT_T0_EE'/>
<fun r='_ZNKSt3map13get_allocatorEv'/>
<fun r='_ZNSt3map5beginEv'/>
<fun r='_ZNKSt3map5beginEv'/>
<fun r='_ZNSt3map3endEv'/>
<fun r='_ZNKSt3map3endEv'/>
<fun r='_ZNSt3map6rbeginEv'/>
<fun r='_ZNKSt3map6rbeginEv'/>
<fun r='_ZNSt3map4rendEv'/>
<fun r='_ZNKSt3map4rendEv'/>
<fun r='_ZNKSt3map6cbeginEv'/>
<fun r='_ZNKSt3map4cendEv'/>
<fun r='_ZNKSt3map7crbeginEv'/>
<fun r='_ZNKSt3map5crendEv'/>
<fun r='_ZNKSt3map5emptyEv'/>
<fun r='_ZNKSt3map4sizeEv'/>
<fun r='_ZNKSt3map8max_sizeEv'/>
<fun r='_ZNSt3mapixERKT_'/>
<fun r='_ZNSt3mapixEOT_'/>
<fun r='_ZNSt3map2atERKT_'/>
<fun r='_ZNKSt3map2atERKT_'/>
<fun r='_ZNSt3map7emplaceEDpOT_'/>
<fun r='_ZNSt3map12emplace_hintENSt8_Rb_treeIT_St4pairIKS1_T0_ESt10_Select1stIS5_ET1_N9__gnu_cxx14__alloc_traitsIT2_NSB_10value_typeEE6rebindIS5_E5otherEE14const_iteratorEDpOT_'/>
<fun r='_ZNSt3map7extractENSt8_Rb_treeIT_St4pairIKS1_T0_ESt10_Select1stIS5_ET1_N9__gnu_cxx14__alloc_traitsIT2_NSB_10value_typeEE6rebindIS5_E5otherEE14const_iteratorE'/>
<fun r='_ZNSt3map7extractERKT_'/>
<fun r='_ZNSt3map6insertEONSt8_Rb_treeIT_St4pairIKS1_T0_ESt10_Select1stIS5_ET1_N9__gnu_cxx14__alloc_traitsIT2_NSB_10value_typeEE6rebindIS5_E5otherEE9node_typeE'/>
<fun r='_ZNSt3map6insertENSt8_Rb_treeIT_St4pairIKS1_T0_ESt10_Select1stIS5_ET1_N9__gnu_cxx14__alloc_traitsIT2_NSB_10value_typeEE6rebindIS5_E5otherEE14const_ite1794288'/>
<fun r='_ZNSt3map5mergeERSt3mapIT_T0_T_T2_E'/>
<fun r='_ZNSt3map5mergeEOSt3mapIT_T0_T_T2_E'/>
<fun r='_ZNSt3map5mergeERSt8multimapIT_T0_T_T2_E'/>
<fun r='_ZNSt3map5mergeEOSt8multimapIT_T0_T_T2_E'/>
<fun r='_ZNSt3map11try_emplaceERKT_DpOT_'/>
<fun r='_ZNSt3map11try_emplaceEOT_DpOT_'/>
<fun r='_ZNSt3map11try_emplaceENSt8_Rb_treeIT_St4pairIKS1_T0_ESt10_Select1stIS5_ET1_N9__gnu_cxx14__alloc_traitsIT2_NSB_10value_typeEE6rebindIS5_E5otherEE14con8218787'/>
<fun r='_ZNSt3map11try_emplaceENSt8_Rb_treeIT_St4pairIKS1_T0_ESt10_Select1stIS5_ET1_N9__gnu_cxx14__alloc_traitsIT2_NSB_10value_typeEE6rebindIS5_E5otherEE14con4380061'/>
<fun r='_ZNSt3map6insertERKSt4pairIKT_T0_E'/>
<fun r='_ZNSt3map6insertEOSt4pairIKT_T0_E'/>
<fun r='_ZNSt3map6insertEOT_'/>
<fun r='_ZNSt3map6insertESt16initializer_listISt4pairIKT_T0_EE'/>
<fun r='_ZNSt3map6insertENSt8_Rb_treeIT_St4pairIKS1_T0_ESt10_Select1stIS5_ET1_N9__gnu_cxx14__alloc_traitsIT2_NSB_10value_typeEE6rebindIS5_E5otherEE14const_iteratorERKS5_'/>
<fun r='_ZNSt3map6insertENSt8_Rb_treeIT_St4pairIKS1_T0_ESt10_Select1stIS5_ET1_N9__gnu_cxx14__alloc_traitsIT2_NSB_10value_typeEE6rebindIS5_E5otherEE14const_iteratorEOS5_'/>
<fun r='_ZNSt3map6insertENSt8_Rb_treeIT_St4pairIKS1_T0_ESt10_Select1stIS5_ET1_N9__gnu_cxx14__alloc_traitsIT2_NSB_10value_typeEE6rebindIS5_E5otherEE14const_iteratorEOT_'/>
<fun r='_ZNSt3map6insertET_S0_'/>
<fun r='_ZNSt3map16insert_or_assignERKT_OT_'/>
<fun r='_ZNSt3map16insert_or_assignEOT_OT_'/>
<fun r='_ZNSt3map16insert_or_assignENSt8_Rb_treeIT_St4pairIKS1_T0_ESt10_Select1stIS5_ET1_N9__gnu_cxx14__alloc_traitsIT2_NSB_10value_typeEE6rebindIS5_E5otherEE15247348'/>
<fun r='_ZNSt3map16insert_or_assignENSt8_Rb_treeIT_St4pairIKS1_T0_ESt10_Select1stIS5_ET1_N9__gnu_cxx14__alloc_traitsIT2_NSB_10value_typeEE6rebindIS5_E5otherEE2125616'/>
<fun r='_ZNSt3map5eraseENSt8_Rb_treeIT_St4pairIKS1_T0_ESt10_Select1stIS5_ET1_N9__gnu_cxx14__alloc_traitsIT2_NSB_10value_typeEE6rebindIS5_E5otherEE14const_iteratorE'/>
<fun r='_ZNSt3map5eraseB5cxx11ENSt8_Rb_treeIT_St4pairIKS1_T0_ESt10_Select1stIS5_ET1_N9__gnu_cxx14__alloc_traitsIT2_NSB_10value_typeEE6rebindIS5_E5otherEE8iteratorE'/>
<fun r='_ZNSt3map5eraseERKT_'/>
<fun r='_ZNSt3map5eraseENSt8_Rb_treeIT_St4pairIKS1_T0_ESt10_Select1stIS5_ET1_N9__gnu_cxx14__alloc_traitsIT2_NSB_10value_typeEE6rebindIS5_E5otherEE14const_iteratorESI_'/>
<fun r='_ZNSt3map4swapERSt3mapIT_T0_T1_T2_E'/>
<fun r='_ZNSt3map5clearEv'/>
<fun r='_ZNKSt3map8key_compEv'/>
<fun r='_ZNKSt3map10value_compEv'/>
<fun r='_ZNSt3map4findERKT_'/>
<fun r='_ZNSt3map4findERKT_'/>
<fun r='_ZNKSt3map4findERKT_'/>
<fun r='_ZNKSt3map4findERKT_'/>
<fun r='_ZNKSt3map5countERKT_'/>
<fun r='_ZNKSt3map5countERKT_'/>
<fun r='_ZNSt3map11lower_boundERKT_'/>
<fun r='_ZNSt3map11lower_boundERKT_'/>
<fun r='_ZNKSt3map11lower_boundERKT_'/>
<fun r='_ZNKSt3map11lower_boundERKT_'/>
<fun r='_ZNSt3map11upper_boundERKT_'/>
<fun r='_ZNSt3map11upper_boundERKT_'/>
<fun r='_ZNKSt3map11upper_boundERKT_'/>
<fun r='_ZNKSt3map11upper_boundERKT_'/>
<fun r='_ZNSt3map11equal_rangeERKT_'/>
<fun r='_ZNSt3map11equal_rangeERKT_'/>
<fun r='_ZNKSt3map11equal_rangeERKT_'/>
<fun r='_ZNKSt3map11equal_rangeERKT_'/>
<use f='WebKit/Source/ThirdParty/ANGLE/src/compiler/preprocessor/Macro.h' l='47'/>
<use f='WebKit/Source/ThirdParty/ANGLE/src/compiler/translator/Common.h' l='100'/>
<use f='WebKit/Source/ThirdParty/ANGLE/src/compiler/translator/Common.h' l='106' c='_ZN2sh4TMapC1Ev'/>
<use f='WebKit/Source/ThirdParty/ANGLE/src/compiler/translator/Common.h' l='109' c='_ZN2sh4TMapC1ERK14pool_allocatorISt4pairIKT_T0_EE'/>
<use f='WebKit/Source/ThirdParty/ANGLE/src/compiler/translator/Common.h' l='109' c='_ZN2sh4TMapC1ERK14pool_allocatorISt4pairIKT_T0_EE'/>
<use f='WebKit/Source/ThirdParty/ANGLE/src/compiler/translator/BuiltInFunctionEmulator.h' l='65'/>
<use f='WebKit/Source/ThirdParty/ANGLE/src/compiler/translator/BuiltInFunctionEmulator.h' l='69'/>
<use f='WebKit/Source/ThirdParty/ANGLE/src/compiler/translator/ExtensionBehavior.h' l='72'/>
<use f='WebKit/Source/ThirdParty/ANGLE/src/compiler/translator/SymbolTable.h' l='339'/>
<use f='WebKit/Source/ThirdParty/ANGLE/src/compiler/translator/CallDAG.h' l='70'/>
<use f='WebKit/Source/ThirdParty/ANGLE/src/compiler/translator/CallDAG.cpp' l='56' c='_ZN2sh7CallDAG14CallDAGCreator18fillDataStructuresEPSt6vectorINS0_6RecordESaIS3_EEPSt3mapIiiSt4lessIiESaISt4pairIKiiEEE'/>
<use f='WebKit/Source/ThirdParty/ANGLE/src/compiler/translator/CallDAG.cpp' l='254'/>
<use f='WebKit/Source/ThirdParty/ANGLE/src/compiler/translator/HashNames.h' l='18'/>
<use f='WebKit/Source/ThirdParty/ANGLE/src/compiler/translator/CollectVariables.cpp' l='169'/>
<use f='WebKit/Source/ThirdParty/ANGLE/src/compiler/translator/ParseContext.h' l='668'/>
<use f='WebKit/Source/ThirdParty/ANGLE/src/compiler/translator/ShaderLang.cpp' l='384' c='_ZN2sh17GetNameHashingMapB5cxx11EPv'/>
<use f='WebKit/Source/ThirdParty/ANGLE/src/compiler/translator/ShaderLang.cpp' l='583' c='_ZN2sh21GetUniformRegisterMapB5cxx11EPv'/>
<use f='WebKit/Source/ThirdParty/ANGLE/src/compiler/translator/ValidateAST.cpp' l='59'/>
<use f='WebKit/Source/ThirdParty/ANGLE/src/compiler/translator/ValidateVaryingLocations.cpp' l='79' c='_ZN2sh12_GLOBAL__N_123ValidateShaderInterfaceEPNS_12TDiagnosticsERSt6vectorIPKNS_13TIntermSymbolESaIS6_EEb'/>
<use f='WebKit/Source/ThirdParty/ANGLE/src/compiler/translator/blocklayout.h' l='174'/>
<use f='WebKit/Source/ThirdParty/ANGLE/src/compiler/translator/tree_ops/RecordUniformBlocksTranslatedToStructuredBuffers.h' l='22' c='_ZN2sh48RecordUniformBlocksTranslatedToStructuredBuffersEPNS_11TIntermNodeERSt3mapIiPKNS_15TInterfaceBlockESt4lessIiESaISt4pairIKiS5_EEE'/>
<use f='WebKit/Source/ThirdParty/ANGLE/src/compiler/translator/tree_ops/RecordUniformBlocksTranslatedToStructuredBuffers.cpp' l='42' c='_ZN2sh12_GLOBAL__N_149UniformBlockTranslatedToStructuredBufferTraverser29getUniformBlockMayTranslationEv'/>
<use f='WebKit/Source/ThirdParty/ANGLE/src/compiler/translator/tree_ops/RecordUniformBlocksTranslatedToStructuredBuffers.cpp' l='46' c='_ZN2sh12_GLOBAL__N_149UniformBlockTranslatedToStructuredBufferTraverser34getUniformBlockNotAllowTranslationEv'/>
<use f='WebKit/Source/ThirdParty/ANGLE/src/compiler/translator/tree_ops/RecordUniformBlocksTranslatedToStructuredBuffers.cpp' l='50' c='_ZN2sh12_GLOBAL__N_149UniformBlockTranslatedToStructuredBufferTraverser32getUniformBlockUsedRegisterCountEv'/>
<use f='WebKit/Source/ThirdParty/ANGLE/src/compiler/translator/tree_ops/RecordUniformBlocksTranslatedToStructuredBuffers.cpp' l='57'/>
<use f='WebKit/Source/ThirdParty/ANGLE/src/compiler/translator/tree_ops/RecordUniformBlocksTranslatedToStructuredBuffers.cpp' l='58'/>
<use f='WebKit/Source/ThirdParty/ANGLE/src/compiler/translator/tree_ops/RecordUniformBlocksTranslatedToStructuredBuffers.cpp' l='59'/>
<use f='WebKit/Source/ThirdParty/ANGLE/src/compiler/translator/tree_ops/RecordUniformBlocksTranslatedToStructuredBuffers.cpp' l='242' c='_ZN2sh48RecordUniformBlocksTranslatedToStructuredBuffersEPNS_11TIntermNodeERSt3mapIiPKNS_15TInterfaceBlockESt4lessIiESaISt4pairIKiS5_EEE'/>
<use f='WebKit/Source/ThirdParty/ANGLE/src/compiler/translator/tree_ops/RecordUniformBlocksTranslatedToStructuredBuffers.cpp' l='246' c='_ZN2sh48RecordUniformBlocksTranslatedToStructuredBuffersEPNS_11TIntermNodeERSt3mapIiPKNS_15TInterfaceBlockESt4lessIiESaISt4pairIKiS5_EEE'/>
<use f='WebKit/Source/ThirdParty/ANGLE/src/compiler/translator/tree_ops/RecordUniformBlocksTranslatedToStructuredBuffers.cpp' l='248' c='_ZN2sh48RecordUniformBlocksTranslatedToStructuredBuffersEPNS_11TIntermNodeERSt3mapIiPKNS_15TInterfaceBlockESt4lessIiESaISt4pairIKiS5_EEE'/>
<use f='WebKit/Source/ThirdParty/ANGLE/src/compiler/translator/tree_ops/RecordUniformBlocksTranslatedToStructuredBuffers.cpp' l='250' c='_ZN2sh48RecordUniformBlocksTranslatedToStructuredBuffersEPNS_11TIntermNodeERSt3mapIiPKNS_15TInterfaceBlockESt4lessIiESaISt4pairIKiS5_EEE'/>
<use f='WebKit/Source/ThirdParty/ANGLE/src/compiler/translator/tree_ops/RemoveDynamicIndexing.cpp' l='282'/>
<use f='WebKit/Source/ThirdParty/ANGLE/src/compiler/translator/tree_ops/RemoveDynamicIndexing.cpp' l='283'/>
<use f='WebKit/Source/ThirdParty/ANGLE/src/compiler/translator/tree_ops/RewriteStructSamplers.cpp' l='191'/>
<use f='WebKit/Source/ThirdParty/ANGLE/src/libANGLE/angletypes.h' l='413'/>
<use f='WebKit/Source/ThirdParty/ANGLE/src/libANGLE/Caps.h' l='697'/>
<use f='WebKit/Source/ThirdParty/ANGLE/src/libANGLE/AttributeMap.h' l='53'/>
<use f='WebKit/Source/ThirdParty/ANGLE/src/libANGLE/AttributeMap.h' l='62'/>
<use f='WebKit/Source/ThirdParty/ANGLE/src/libANGLE/ProgramLinkedResources.h' l='182' c='_ZNK2gl25AtomicCounterBufferLinker4linkERKSt3mapIijSt4lessIiESaISt4pairIKijEEE'/>
<use f='WebKit/Source/ThirdParty/ANGLE/src/libANGLE/ProgramLinkedResources.h' l='248' c='_ZNK2gl28ProgramLinkedResourcesLinker29getAtomicCounterBufferSizeMapERKNS_12ProgramStateERSt3mapIijSt4lessIiESaISt4pairIKijEEE'/>
<use f='WebKit/Source/ThirdParty/ANGLE/src/libANGLE/IndexRangeCache.h' l='57'/>
<use f='WebKit/Source/ThirdParty/ANGLE/src/common/third_party/base/anglebase/containers/mru_cache.h' l='45'/>
<use f='WebKit/Source/ThirdParty/ANGLE/src/libANGLE/Config.h' l='85'/>
<use f='WebKit/Source/ThirdParty/ANGLE/include/platform/Feature.h' l='110'/>
<use f='WebKit/Source/ThirdParty/ANGLE/src/libANGLE/FrameCapture.h' l='179'/>
<use f='WebKit/Source/ThirdParty/ANGLE/src/libANGLE/FrameCapture.h' l='193'/>
<use f='WebKit/Source/ThirdParty/ANGLE/src/libANGLE/FrameCapture.h' l='211'/>
<use f='WebKit/Source/ThirdParty/ANGLE/src/libANGLE/FrameCapture.h' l='214'/>
<use f='WebKit/Source/ThirdParty/ANGLE/src/libANGLE/FrameCapture.h' l='296'/>
<use f='WebKit/Source/ThirdParty/ANGLE/src/libANGLE/FrameCapture.h' l='302'/>
<use f='WebKit/Source/ThirdParty/ANGLE/src/libANGLE/FrameCapture.h' l='303'/>
<use f='WebKit/Source/ThirdParty/ANGLE/src/libANGLE/FrameCapture.h' l='306'/>
<use f='WebKit/Source/ThirdParty/ANGLE/src/libANGLE/FrameCapture.h' l='307'/>
<use f='WebKit/Source/ThirdParty/ANGLE/src/libANGLE/FrameCapture.h' l='310'/>
<use f='WebKit/WTF/Headers/wtf/StdMap.h' l='34'/>
<use f='WebKit/ANGLE/Headers/ANGLE/ShaderLang.h' l='670' c='_ZN2sh17GetNameHashingMapB5cxx11EPv'/>
<use f='WebKit/ANGLE/Headers/ANGLE/ShaderLang.h' l='731' c='_ZN2sh21GetUniformRegisterMapB5cxx11EPv'/>
