<dec f='WebKit/Source/WebCore/rendering/style/SVGRenderStyleDefs.h' l='99' type='1'/>
<use f='WebKit/Source/WebCore/css/CSSPrimitiveValueMappings.h' l='3985' c='_ZN7WebCore17CSSPrimitiveValueC1ET_'/>
<use f='WebKit/Source/WebCore/css/CSSPrimitiveValueMappings.h' l='4029' u='r' c='_ZNK7WebCore17CSSPrimitiveValuecvT_Ev'/>
<use f='WebKit/Source/WebCore/rendering/style/SVGRenderStyleDefs.cpp' l='313' c='_ZN7WebCorelsERN3WTF10TextStreamENS_17AlignmentBaselineE'/>
<use f='WebKit/Source/WebCore/rendering/svg/SVGTextLayoutEngineBaseline.cpp' l='121' c='_ZNK7WebCore27SVGTextLayoutEngineBaseline31calculateAlignmentBaselineShiftEbRKNS_12RenderObjectE'/>
