<use f='WebKit/Source/WebCore/storage/StorageMap.h' l='53' u='a' c='_ZNK7WebCore10StorageMap5itemsEv'/>
<dec f='WebKit/Source/WebCore/storage/StorageMap.h' l='73' type='HashMap&lt;WTF::String, WTF::String&gt;'/>
<use f='WebKit/Source/WebCore/storage/StorageMap.h' l='74' u='m'/>
<use f='WebKit/Source/WebCore/storage/StorageMap.h' l='74' u='m'/>
<offset>64</offset>
<use f='WebKit/Source/WebCore/storage/StorageMap.cpp' l='42' u='m' c='_ZN7WebCore10StorageMap18invalidateIteratorEv'/>
<use f='WebKit/Source/WebCore/storage/StorageMap.cpp' l='58' u='m' c='_ZN7WebCore10StorageMap18setIteratorToIndexEj'/>
<use f='WebKit/Source/WebCore/storage/StorageMap.cpp' l='71' u='m' c='_ZNK7WebCore10StorageMap6lengthEv'/>
<use f='WebKit/Source/WebCore/storage/StorageMap.cpp' l='85' u='m' c='_ZNK7WebCore10StorageMap7getItemERKN3WTF6StringE'/>
<use f='WebKit/Source/WebCore/storage/StorageMap.cpp' l='97' u='m' c='_ZN7WebCore10StorageMap7setItemERKN3WTF6StringES4_RS2_Rb'/>
<use f='WebKit/Source/WebCore/storage/StorageMap.cpp' l='111' u='m' c='_ZN7WebCore10StorageMap7setItemERKN3WTF6StringES4_RS2_Rb'/>
<use f='WebKit/Source/WebCore/storage/StorageMap.cpp' l='134' u='m' c='_ZN7WebCore10StorageMap10removeItemERKN3WTF6StringERS2_'/>
<use f='WebKit/Source/WebCore/storage/StorageMap.cpp' l='151' u='m' c='_ZN7WebCore10StorageMap5clearEv'/>
<use f='WebKit/Source/WebCore/storage/StorageMap.cpp' l='158' u='m' c='_ZNK7WebCore10StorageMap8containsERKN3WTF6StringE'/>
<use f='WebKit/Source/WebCore/storage/StorageMap.cpp' l='163' u='m' c='_ZN7WebCore10StorageMap11importItemsEON3WTF7HashMapINS1_6StringES3_NS1_11DefaultHashIS3_EENS1_10HashTraitsIS3_EES7_NS1_15HashTableTraitsEEE'/>
<use f='WebKit/Source/WebCore/storage/StorageMap.cpp' l='165' u='w' c='_ZN7WebCore10StorageMap11importItemsEON3WTF7HashMapINS1_6StringES3_NS1_11DefaultHashIS3_EENS1_10HashTraitsIS3_EES7_NS1_15HashTableTraitsEEE'/>
<use f='WebKit/Source/WebCore/storage/StorageMap.cpp' l='166' c='_ZN7WebCore10StorageMap11importItemsEON3WTF7HashMapINS1_6StringES3_NS1_11DefaultHashIS3_EENS1_10HashTraitsIS3_EES7_NS1_15HashTableTraitsEEE'/>
<use f='WebKit/Source/WebCore/storage/StorageMap.cpp' l='180' u='m' c='_ZN7WebCore10StorageMap11importItemsEON3WTF7HashMapINS1_6StringES3_NS1_11DefaultHashIS3_EENS1_10HashTraitsIS3_EES7_NS1_15HashTableTraitsEEE'/>
<use f='WebKit/Source/WebCore/storage/StorageMap.cpp' l='188' u='w' c='_ZNK7WebCore10StorageMap4Impl4copyEv'/>
<use f='WebKit/Source/WebCore/storage/StorageMap.cpp' l='188' u='r' c='_ZNK7WebCore10StorageMap4Impl4copyEv'/>
