<def f='WebKit/Source/WebCore/contentextensions/ContentRuleListResults.h' l='52' ll='60'/>
<use f='WebKit/Source/WebCore/contentextensions/ContentRuleListResults.h' l='59' c='_ZN7WebCore22ContentRuleListResults7Summary6decodeERT_'/>
<use f='WebKit/Source/WebCore/contentextensions/ContentRuleListResults.h' l='63'/>
<use f='WebKit/Source/WebCore/contentextensions/ContentRuleListResults.h' l='81' c='_ZN7WebCore22ContentRuleListResults6decodeERT_'/>
<use f='WebKit/Source/WebCore/contentextensions/ContentRuleListResults.h' l='144' c='_ZN7WebCore22ContentRuleListResults7Summary6decodeERT_'/>
<size>4</size>
<mbr r='WebCore::ContentRuleListResults::Summary::blockedLoad' o='0' t='bool'/>
<mbr r='WebCore::ContentRuleListResults::Summary::madeHTTPS' o='8' t='bool'/>
<mbr r='WebCore::ContentRuleListResults::Summary::blockedCookies' o='16' t='bool'/>
<mbr r='WebCore::ContentRuleListResults::Summary::hasNotifications' o='24' t='bool'/>
<fun r='_ZNK7WebCore22ContentRuleListResults7Summary6encodeERT_'/>
<fun r='_ZN7WebCore22ContentRuleListResults7Summary6decodeERT_'/>
<fun r='_ZNK7WebCore22ContentRuleListResults7Summary6encodeERT_'/>
<fun r='_ZN7WebCore22ContentRuleListResults7Summary6decodeERT_'/>
