<dec f='WebKit/Source/WebCore/rendering/RenderTableSection.h' l='88' type='WebCore::LayoutUnit'/>
<use f='WebKit/Source/WebCore/rendering/RenderTableSection.h' l='328' u='r' c='_ZN7WebCore18RenderTableSection11rowBaselineEj'/>
<offset>192</offset>
<use f='WebKit/Source/WebCore/rendering/RenderTableSection.cpp' l='244' u='w' c='_ZN7WebCore18RenderTableSection20calcRowLogicalHeightEv'/>
<use f='WebKit/Source/WebCore/rendering/RenderTableSection.cpp' l='301' u='w' c='_ZN7WebCore18RenderTableSection20calcRowLogicalHeightEv'/>
<use f='WebKit/Source/WebCore/rendering/RenderTableSection.cpp' l='301' u='r' c='_ZN7WebCore18RenderTableSection20calcRowLogicalHeightEv'/>
<use f='WebKit/Source/WebCore/rendering/RenderTableSection.cpp' l='310' u='r' c='_ZN7WebCore18RenderTableSection20calcRowLogicalHeightEv'/>
<use f='WebKit/Source/WebCore/rendering/RenderTableSection.cpp' l='534' u='w' c='_ZN7WebCore18RenderTableSection20relayoutCellIfFlexedERNS_15RenderTableCellEii'/>
<use f='WebKit/Source/WebCore/rendering/RenderTableSection.cpp' l='534' u='r' c='_ZN7WebCore18RenderTableSection20relayoutCellIfFlexedERNS_15RenderTableCellEii'/>
<use f='WebKit/Source/WebCore/rendering/RenderTableSection.cpp' l='875' u='r' c='_ZNK7WebCore18RenderTableSection17firstLineBaselineEv'/>
