<dec f='WebKit/Source/WebCore/rendering/style/RenderStyleConstants.h' l='477' type='1'/>
<use f='WebKit/Source/WebCore/css/CSSPrimitiveValueMappings.h' l='4896' c='_ZN7WebCore17CSSPrimitiveValueC1ET_'/>
<use f='WebKit/Source/WebCore/css/CSSPrimitiveValueMappings.h' l='4932' u='r' c='_ZNK7WebCore17CSSPrimitiveValuecvT_Ev'/>
<use f='WebKit/Source/WebCore/css/CSSPrimitiveValueMappings.h' l='4934' u='r' c='_ZNK7WebCore17CSSPrimitiveValuecvT_Ev'/>
<use f='WebKit/Source/WebCore/rendering/style/RenderStyleConstants.cpp' l='366' c='_ZN7WebCorelsERN3WTF10TextStreamENS_15ContentPositionE'/>
<use f='WebKit/Source/WebCore/rendering/RenderGrid.cpp' l='1778' c='_ZN7WebCore10RenderGrid43computeContentPositionAndDistributionOffsetENS_24GridTrackSizingDirectionERKNS_10LayoutUnitEj'/>
