<dec f='WebKit/Source/WebCore/rendering/style/RenderStyleConstants.h' l='1060' type='1'/>
<use f='WebKit/Source/WebCore/css/CSSPrimitiveValueMappings.h' l='3594' c='_ZN7WebCore17CSSPrimitiveValueC1ET_'/>
<use f='WebKit/Source/WebCore/css/CSSPrimitiveValueMappings.h' l='3611' u='r' c='_ZNK7WebCore17CSSPrimitiveValuecvT_Ev'/>
<use f='WebKit/Source/WebCore/rendering/style/RenderStyleConstants.cpp' l='701' c='_ZN7WebCorelsERN3WTF10TextStreamENS_8LineSnapE'/>
