<dec f='WebKit/Source/WebCore/rendering/style/RenderStyleConstants.h' l='451' type='4'/>
<use f='WebKit/Source/WebCore/rendering/GridBaselineAlignment.h' l='125' u='r' c='_ZN7WebCoreL18isBaselinePositionENS_12ItemPositionE'/>
<use f='WebKit/Source/WebCore/rendering/GridBaselineAlignment.h' l='130' u='r' c='_ZN7WebCoreL23isFirstBaselinePositionENS_12ItemPositionE'/>
<use f='WebKit/Source/WebCore/css/CSSPrimitiveValueMappings.h' l='4779' c='_ZN7WebCore17CSSPrimitiveValueC1ET_'/>
<use f='WebKit/Source/WebCore/css/CSSPrimitiveValueMappings.h' l='4827' u='r' c='_ZNK7WebCore17CSSPrimitiveValuecvT_Ev'/>
<use f='WebKit/Source/WebCore/css/CSSPrimitiveValueMappings.h' l='4829' u='r' c='_ZNK7WebCore17CSSPrimitiveValuecvT_Ev'/>
<use f='WebKit/Source/WebCore/style/StyleBuilderConverter.h' l='1478' u='r' c='_ZN7WebCore5Style16BuilderConverter33convertSelfOrDefaultAlignmentDataERNS0_12BuilderStateERKNS_8CSSValueE'/>
<use f='WebKit/Source/WebCore/rendering/style/RenderStyleConstants.cpp' l='651' c='_ZN7WebCorelsERN3WTF10TextStreamENS_12ItemPositionE'/>
<use f='WebKit/Source/WebCore/rendering/RenderFlexibleBox.cpp' l='247' u='r' c='_ZNK7WebCore17RenderFlexibleBox17firstLineBaselineEv'/>
<use f='WebKit/Source/WebCore/rendering/RenderFlexibleBox.cpp' l='1554' c='_ZN7WebCoreL15alignmentOffsetENS_10LayoutUnitENS_12ItemPositionES0_S0_b'/>
<use f='WebKit/Source/WebCore/rendering/RenderFlexibleBox.cpp' l='1664' u='r' c='_ZNK7WebCore17RenderFlexibleBox17alignmentForChildERKNS_9RenderBoxE'/>
<use f='WebKit/Source/WebCore/rendering/RenderFlexibleBox.cpp' l='1849' u='r' c='_ZN7WebCore17RenderFlexibleBox22layoutAndPlaceChildrenERNS_10LayoutUnitERN3WTF6VectorINS_8FlexItemELm0ENS3_15CrashOnOverflowELm16ENS3_10FastMallocEEES10942567'/>
<use f='WebKit/Source/WebCore/rendering/RenderFlexibleBox.cpp' l='2019' u='r' c='_ZN7WebCore17RenderFlexibleBox13alignChildrenERKN3WTF6VectorINS0_11LineContextELm0ENS1_15CrashOnOverflowELm16ENS1_10FastMallocEEE'/>
<use f='WebKit/Source/WebCore/rendering/RenderFlexibleBox.cpp' l='2037' u='r' c='_ZN7WebCore17RenderFlexibleBox13alignChildrenERKN3WTF6VectorINS0_11LineContextELm0ENS1_15CrashOnOverflowELm16ENS1_10FastMallocEEE'/>
<use f='WebKit/Source/WebCore/rendering/RenderGrid.cpp' l='1396' c='_ZNK7WebCore10RenderGrid26columnAxisPositionForChildERKNS_9RenderBoxE'/>
<use f='WebKit/Source/WebCore/rendering/RenderGrid.cpp' l='1464' c='_ZNK7WebCore10RenderGrid23rowAxisPositionForChildERKNS_9RenderBoxE'/>
<use f='WebKit/Source/WebCore/css/CSSComputedStyleDeclaration.cpp' l='2359' u='r' c='_ZN7WebCoreL41valueForItemPositionWithOverflowAlignmentERKNS_22StyleSelfAlignmentDataE'/>
