<dec f='WebKit/Source/WebCore/accessibility/AccessibilityObjectInterface.h' l='564' type='2'/>
<use f='WebKit/Source/WebCore/accessibility/AccessibilityImageMapLink.cpp' l='108' u='r' c='_ZNK7WebCore25AccessibilityImageMapLink17accessibilityTextERN3WTF6VectorINS_17AccessibilityTextELm0ENS1_15CrashOnOverflowELm16ENS1_10FastMallocEEE'/>
<use f='WebKit/Source/WebCore/accessibility/AccessibilityNodeObject.cpp' l='1526' u='r' c='_ZNK7WebCore23AccessibilityNodeObject8helpTextERN3WTF6VectorINS_17AccessibilityTextELm0ENS1_15CrashOnOverflowELm16ENS1_10FastMallocEEE'/>
<use f='WebKit/Source/WebCore/accessibility/AccessibilityNodeObject.cpp' l='1533' u='r' c='_ZNK7WebCore23AccessibilityNodeObject8helpTextERN3WTF6VectorINS_17AccessibilityTextELm0ENS1_15CrashOnOverflowELm16ENS1_10FastMallocEEE'/>
<use f='WebKit/Source/WebCore/accessibility/AccessibilityNodeObject.cpp' l='1539' u='r' c='_ZNK7WebCore23AccessibilityNodeObject8helpTextERN3WTF6VectorINS_17AccessibilityTextELm0ENS1_15CrashOnOverflowELm16ENS1_10FastMallocEEE'/>
<use f='WebKit/Source/WebCore/accessibility/atk/WebKitAccessible.cpp' l='121' u='r' c='_ZL23webkitAccessibleGetNameP10_AtkObject'/>
<use f='WebKit/Source/WebCore/accessibility/atk/WebKitAccessible.cpp' l='144' u='r' c='_ZL30webkitAccessibleGetDescriptionP10_AtkObject'/>
